                              1 ;--------------------------------------------------------
                              2 ; File Created by SDCC : FreeWare ANSI-C Compiler
                              3 ; Version 2.2.1 Mon Jun 28 22:48:47 2021
                              4 
                              5 ;--------------------------------------------------------
                              6 	.module lcc510120
                              7 	
                              8 ;--------------------------------------------------------
                              9 ; Public variables in this module
                             10 ;--------------------------------------------------------
                             11 	.globl _main
                             12 	.globl _setBug
                             13 	.globl _setShip
                             14 	.globl _moveGameCharacter
                             15 	.globl _move_sprite
                             16 	.globl _set_sprite_tile
                             17 	.globl _set_sprite_data
                             18 	.globl _spriteSize
                             19 	.globl _bug
                             20 	.globl _ship
                             21 	.globl _TestSprites
                             22 	.globl _main
                             23 	.globl _setBug
                             24 	.globl _setShip
                             25 	.globl _moveGameCharacter
                             26 ;--------------------------------------------------------
                             27 ; Externals used
                             28 ;--------------------------------------------------------
                             29 	.globl _IE_REG
                             30 	.globl _SVBK_REG
                             31 	.globl _OCPD_REG
                             32 	.globl _OCPS_REG
                             33 	.globl _BCPD_REG
                             34 	.globl _BCPS_REG
                             35 	.globl _RP_REG
                             36 	.globl _HDMA5_REG
                             37 	.globl _HDMA4_REG
                             38 	.globl _HDMA3_REG
                             39 	.globl _HDMA2_REG
                             40 	.globl _HDMA1_REG
                             41 	.globl _VBK_REG
                             42 	.globl _KEY1_REG
                             43 	.globl _WX_REG
                             44 	.globl _WY_REG
                             45 	.globl _OBP1_REG
                             46 	.globl _OBP0_REG
                             47 	.globl _BGP_REG
                             48 	.globl _DMA_REG
                             49 	.globl _LYC_REG
                             50 	.globl _LY_REG
                             51 	.globl _SCX_REG
                             52 	.globl _SCY_REG
                             53 	.globl _STAT_REG
                             54 	.globl _LCDC_REG
                             55 	.globl _NR52_REG
                             56 	.globl _NR51_REG
                             57 	.globl _NR50_REG
                             58 	.globl _NR44_REG
                             59 	.globl _NR43_REG
                             60 	.globl _NR42_REG
                             61 	.globl _NR41_REG
                             62 	.globl _NR34_REG
                             63 	.globl _NR33_REG
                             64 	.globl _NR32_REG
                             65 	.globl _NR31_REG
                             66 	.globl _NR30_REG
                             67 	.globl _NR24_REG
                             68 	.globl _NR23_REG
                             69 	.globl _NR22_REG
                             70 	.globl _NR21_REG
                             71 	.globl _NR14_REG
                             72 	.globl _NR13_REG
                             73 	.globl _NR12_REG
                             74 	.globl _NR11_REG
                             75 	.globl _NR10_REG
                             76 	.globl _IF_REG
                             77 	.globl _TAC_REG
                             78 	.globl _TMA_REG
                             79 	.globl _TIMA_REG
                             80 	.globl _DIV_REG
                             81 	.globl _SC_REG
                             82 	.globl _SB_REG
                             83 	.globl _P1_REG
                             84 	.globl __io_out
                             85 	.globl __io_in
                             86 	.globl __io_status
                             87 	.globl _sys_time
                             88 	.globl __cpu
                             89 ;--------------------------------------------------------
                             90 ; special function registers
                             91 ;--------------------------------------------------------
                             92 ;--------------------------------------------------------
                             93 ; special function bits 
                             94 ;--------------------------------------------------------
                             95 ;--------------------------------------------------------
                             96 ; internal ram data
                             97 ;--------------------------------------------------------
                             98 	.area _DATA
   0000                      99 _TestSprites::
   0000                     100 	.ds 128
   0080                     101 _ship::
   0080                     102 	.ds 8
   0088                     103 _bug::
   0088                     104 	.ds 8
   0090                     105 _spriteSize::
   0090                     106 	.ds 1
                            107 ;--------------------------------------------------------
                            108 ; overlayable items in internal ram 
                            109 ;--------------------------------------------------------
                            110 	.area _OVERLAY
                            111 ;--------------------------------------------------------
                            112 ; indirectly addressable internal ram data
                            113 ;--------------------------------------------------------
                            114 	.area _ISEG
                            115 ;--------------------------------------------------------
                            116 ; bit data
                            117 ;--------------------------------------------------------
                            118 	.area _BSEG
                            119 ;--------------------------------------------------------
                            120 ; external ram data
                            121 ;--------------------------------------------------------
                            122 	.area _XSEG
                            123 ;--------------------------------------------------------
                            124 ; global & static initialisations
                            125 ;--------------------------------------------------------
                            126 	.area _GSINIT
                            127 	.area _GSFINAL
                            128 	.area _GSINIT
                            129 ;	main.c 69
                            130 ; genAssign (pointer)
   0000 11 00 00            131 	ld	de,#_TestSprites + 0
   0003 3E 01               132 	ld	a,#0x01
   0005 12                  133 	ld	(de),a
                            134 ; genPlus
                            135 ; genPlusIncr
   0006 11 01 00            136 	ld	de,#_TestSprites + 0 + 1
                            137 ; genAssign (pointer)
   0009 3E 00               138 	ld	a,#0x00
   000B 12                  139 	ld	(de),a
                            140 ; genPlus
                            141 ; genPlusIncr
   000C 11 02 00            142 	ld	de,#_TestSprites + 0 + 2
                            143 ; genAssign (pointer)
   000F 3E 01               144 	ld	a,#0x01
   0011 12                  145 	ld	(de),a
                            146 ; genPlus
                            147 ; genPlusIncr
   0012 11 03 00            148 	ld	de,#_TestSprites + 0 + 3
                            149 ; genAssign (pointer)
   0015 3E 01               150 	ld	a,#0x01
   0017 12                  151 	ld	(de),a
                            152 ; genPlus
                            153 ; genPlusIncr
   0018 11 04 00            154 	ld	de,#_TestSprites + 0 + 4
                            155 ; genAssign (pointer)
   001B 3E 01               156 	ld	a,#0x01
   001D 12                  157 	ld	(de),a
                            158 ; genPlus
                            159 ; genPlusIncr
   001E 11 05 00            160 	ld	de,#_TestSprites + 0 + 5
                            161 ; genAssign (pointer)
   0021 3E 01               162 	ld	a,#0x01
   0023 12                  163 	ld	(de),a
                            164 ; genPlus
                            165 ; genPlusIncr
   0024 11 06 00            166 	ld	de,#_TestSprites + 0 + 6
                            167 ; genAssign (pointer)
   0027 3E 81               168 	ld	a,#0x81
   0029 12                  169 	ld	(de),a
                            170 ; genPlus
                            171 ; genPlusIncr
   002A 11 07 00            172 	ld	de,#_TestSprites + 0 + 7
                            173 ; genAssign (pointer)
   002D 3E 01               174 	ld	a,#0x01
   002F 12                  175 	ld	(de),a
                            176 ; genPlus
                            177 ; genPlusIncr
   0030 11 08 00            178 	ld	de,#_TestSprites + 0 + 8
                            179 ; genAssign (pointer)
   0033 3E 81               180 	ld	a,#0x81
   0035 12                  181 	ld	(de),a
                            182 ; genPlus
                            183 ; genPlusIncr
   0036 11 09 00            184 	ld	de,#_TestSprites + 0 + 9
                            185 ; genAssign (pointer)
   0039 3E 81               186 	ld	a,#0x81
   003B 12                  187 	ld	(de),a
                            188 ; genPlus
                            189 ; genPlusIncr
   003C 11 0A 00            190 	ld	de,#_TestSprites + 0 + 10
                            191 ; genAssign (pointer)
   003F 3E 81               192 	ld	a,#0x81
   0041 12                  193 	ld	(de),a
                            194 ; genPlus
                            195 ; genPlusIncr
   0042 11 0B 00            196 	ld	de,#_TestSprites + 0 + 11
                            197 ; genAssign (pointer)
   0045 3E 82               198 	ld	a,#0x82
   0047 12                  199 	ld	(de),a
                            200 ; genPlus
                            201 ; genPlusIncr
   0048 11 0C 00            202 	ld	de,#_TestSprites + 0 + 12
                            203 ; genAssign (pointer)
   004B 3E 03               204 	ld	a,#0x03
   004D 12                  205 	ld	(de),a
                            206 ; genPlus
                            207 ; genPlusIncr
   004E 11 0D 00            208 	ld	de,#_TestSprites + 0 + 13
                            209 ; genAssign (pointer)
   0051 3E E4               210 	ld	a,#0xE4
   0053 12                  211 	ld	(de),a
                            212 ; genPlus
                            213 ; genPlusIncr
   0054 11 0E 00            214 	ld	de,#_TestSprites + 0 + 14
                            215 ; genAssign (pointer)
   0057 3E 67               216 	ld	a,#0x67
   0059 12                  217 	ld	(de),a
                            218 ; genPlus
                            219 ; genPlusIncr
   005A 11 0F 00            220 	ld	de,#_TestSprites + 0 + 15
                            221 ; genAssign (pointer)
   005D 3E 99               222 	ld	a,#0x99
   005F 12                  223 	ld	(de),a
                            224 ; genPlus
                            225 ; genPlusIncr
   0060 11 10 00            226 	ld	de,#_TestSprites + 0 + 16
                            227 ; genAssign (pointer)
   0063 3E 80               228 	ld	a,#0x80
   0065 12                  229 	ld	(de),a
                            230 ; genPlus
                            231 ; genPlusIncr
   0066 11 11 00            232 	ld	de,#_TestSprites + 0 + 17
                            233 ; genAssign (pointer)
   0069 3E 00               234 	ld	a,#0x00
   006B 12                  235 	ld	(de),a
                            236 ; genPlus
                            237 ; genPlusIncr
   006C 11 12 00            238 	ld	de,#_TestSprites + 0 + 18
                            239 ; genAssign (pointer)
   006F 3E 80               240 	ld	a,#0x80
   0071 12                  241 	ld	(de),a
                            242 ; genPlus
                            243 ; genPlusIncr
   0072 11 13 00            244 	ld	de,#_TestSprites + 0 + 19
                            245 ; genAssign (pointer)
   0075 3E 80               246 	ld	a,#0x80
   0077 12                  247 	ld	(de),a
                            248 ; genPlus
                            249 ; genPlusIncr
   0078 11 14 00            250 	ld	de,#_TestSprites + 0 + 20
                            251 ; genAssign (pointer)
   007B 3E 80               252 	ld	a,#0x80
   007D 12                  253 	ld	(de),a
                            254 ; genPlus
                            255 ; genPlusIncr
   007E 11 15 00            256 	ld	de,#_TestSprites + 0 + 21
                            257 ; genAssign (pointer)
   0081 3E 80               258 	ld	a,#0x80
   0083 12                  259 	ld	(de),a
                            260 ; genPlus
                            261 ; genPlusIncr
   0084 11 16 00            262 	ld	de,#_TestSprites + 0 + 22
                            263 ; genAssign (pointer)
   0087 3E 81               264 	ld	a,#0x81
   0089 12                  265 	ld	(de),a
                            266 ; genPlus
                            267 ; genPlusIncr
   008A 11 17 00            268 	ld	de,#_TestSprites + 0 + 23
                            269 ; genAssign (pointer)
   008D 3E 80               270 	ld	a,#0x80
   008F 12                  271 	ld	(de),a
                            272 ; genPlus
                            273 ; genPlusIncr
   0090 11 18 00            274 	ld	de,#_TestSprites + 0 + 24
                            275 ; genAssign (pointer)
   0093 3E 81               276 	ld	a,#0x81
   0095 12                  277 	ld	(de),a
                            278 ; genPlus
                            279 ; genPlusIncr
   0096 11 19 00            280 	ld	de,#_TestSprites + 0 + 25
                            281 ; genAssign (pointer)
   0099 3E 81               282 	ld	a,#0x81
   009B 12                  283 	ld	(de),a
                            284 ; genPlus
                            285 ; genPlusIncr
   009C 11 1A 00            286 	ld	de,#_TestSprites + 0 + 26
                            287 ; genAssign (pointer)
   009F 3E 81               288 	ld	a,#0x81
   00A1 12                  289 	ld	(de),a
                            290 ; genPlus
                            291 ; genPlusIncr
   00A2 11 1B 00            292 	ld	de,#_TestSprites + 0 + 27
                            293 ; genAssign (pointer)
   00A5 3E 41               294 	ld	a,#0x41
   00A7 12                  295 	ld	(de),a
                            296 ; genPlus
                            297 ; genPlusIncr
   00A8 11 1C 00            298 	ld	de,#_TestSprites + 0 + 28
                            299 ; genAssign (pointer)
   00AB 3E C0               300 	ld	a,#0xC0
   00AD 12                  301 	ld	(de),a
                            302 ; genPlus
                            303 ; genPlusIncr
   00AE 11 1D 00            304 	ld	de,#_TestSprites + 0 + 29
                            305 ; genAssign (pointer)
   00B1 3E 27               306 	ld	a,#0x27
   00B3 12                  307 	ld	(de),a
                            308 ; genPlus
                            309 ; genPlusIncr
   00B4 11 1E 00            310 	ld	de,#_TestSprites + 0 + 30
                            311 ; genAssign (pointer)
   00B7 3E E6               312 	ld	a,#0xE6
   00B9 12                  313 	ld	(de),a
                            314 ; genPlus
                            315 ; genPlusIncr
   00BA 11 1F 00            316 	ld	de,#_TestSprites + 0 + 31
                            317 ; genAssign (pointer)
   00BD 3E 99               318 	ld	a,#0x99
   00BF 12                  319 	ld	(de),a
                            320 ; genPlus
                            321 ; genPlusIncr
   00C0 11 20 00            322 	ld	de,#_TestSprites + 0 + 32
                            323 ; genAssign (pointer)
   00C3 3E 7F               324 	ld	a,#0x7F
   00C5 12                  325 	ld	(de),a
                            326 ; genPlus
                            327 ; genPlusIncr
   00C6 11 21 00            328 	ld	de,#_TestSprites + 0 + 33
                            329 ; genAssign (pointer)
   00C9 3E 81               330 	ld	a,#0x81
   00CB 12                  331 	ld	(de),a
                            332 ; genPlus
                            333 ; genPlusIncr
   00CC 11 22 00            334 	ld	de,#_TestSprites + 0 + 34
                            335 ; genAssign (pointer)
   00CF 3E 3F               336 	ld	a,#0x3F
   00D1 12                  337 	ld	(de),a
                            338 ; genPlus
                            339 ; genPlusIncr
   00D2 11 23 00            340 	ld	de,#_TestSprites + 0 + 35
                            341 ; genAssign (pointer)
   00D5 3E 41               342 	ld	a,#0x41
   00D7 12                  343 	ld	(de),a
                            344 ; genPlus
                            345 ; genPlusIncr
   00D8 11 24 00            346 	ld	de,#_TestSprites + 0 + 36
                            347 ; genAssign (pointer)
   00DB 3E 0F               348 	ld	a,#0x0F
   00DD 12                  349 	ld	(de),a
                            350 ; genPlus
                            351 ; genPlusIncr
   00DE 11 25 00            352 	ld	de,#_TestSprites + 0 + 37
                            353 ; genAssign (pointer)
   00E1 3E 30               354 	ld	a,#0x30
   00E3 12                  355 	ld	(de),a
                            356 ; genPlus
                            357 ; genPlusIncr
   00E4 11 26 00            358 	ld	de,#_TestSprites + 0 + 38
                            359 ; genAssign (pointer)
   00E7 3E 01               360 	ld	a,#0x01
   00E9 12                  361 	ld	(de),a
                            362 ; genPlus
                            363 ; genPlusIncr
   00EA 11 27 00            364 	ld	de,#_TestSprites + 0 + 39
                            365 ; genAssign (pointer)
   00ED 3E 0E               366 	ld	a,#0x0E
   00EF 12                  367 	ld	(de),a
                            368 ; genPlus
                            369 ; genPlusIncr
   00F0 11 28 00            370 	ld	de,#_TestSprites + 0 + 40
                            371 ; genAssign (pointer)
   00F3 3E 08               372 	ld	a,#0x08
   00F5 12                  373 	ld	(de),a
                            374 ; genPlus
                            375 ; genPlusIncr
   00F6 11 29 00            376 	ld	de,#_TestSprites + 0 + 41
                            377 ; genAssign (pointer)
   00F9 3E 01               378 	ld	a,#0x01
   00FB 12                  379 	ld	(de),a
                            380 ; genPlus
                            381 ; genPlusIncr
   00FC 11 2A 00            382 	ld	de,#_TestSprites + 0 + 42
                            383 ; genAssign (pointer)
   00FF 3E 1C               384 	ld	a,#0x1C
   0101 12                  385 	ld	(de),a
                            386 ; genPlus
                            387 ; genPlusIncr
   0102 11 2B 00            388 	ld	de,#_TestSprites + 0 + 43
                            389 ; genAssign (pointer)
   0105 3E 00               390 	ld	a,#0x00
   0107 12                  391 	ld	(de),a
                            392 ; genPlus
                            393 ; genPlusIncr
   0108 11 2C 00            394 	ld	de,#_TestSprites + 0 + 44
                            395 ; genAssign (pointer)
   010B 3E 2A               396 	ld	a,#0x2A
   010D 12                  397 	ld	(de),a
                            398 ; genPlus
                            399 ; genPlusIncr
   010E 11 2D 00            400 	ld	de,#_TestSprites + 0 + 45
                            401 ; genAssign (pointer)
   0111 3E 00               402 	ld	a,#0x00
   0113 12                  403 	ld	(de),a
                            404 ; genPlus
                            405 ; genPlusIncr
   0114 11 2E 00            406 	ld	de,#_TestSprites + 0 + 46
                            407 ; genAssign (pointer)
   0117 3E 00               408 	ld	a,#0x00
   0119 12                  409 	ld	(de),a
                            410 ; genPlus
                            411 ; genPlusIncr
   011A 11 2F 00            412 	ld	de,#_TestSprites + 0 + 47
                            413 ; genAssign (pointer)
   011D 3E 00               414 	ld	a,#0x00
   011F 12                  415 	ld	(de),a
                            416 ; genPlus
                            417 ; genPlusIncr
   0120 11 30 00            418 	ld	de,#_TestSprites + 0 + 48
                            419 ; genAssign (pointer)
   0123 3E FE               420 	ld	a,#0xFE
   0125 12                  421 	ld	(de),a
                            422 ; genPlus
                            423 ; genPlusIncr
   0126 11 31 00            424 	ld	de,#_TestSprites + 0 + 49
                            425 ; genAssign (pointer)
   0129 3E 81               426 	ld	a,#0x81
   012B 12                  427 	ld	(de),a
                            428 ; genPlus
                            429 ; genPlusIncr
   012C 11 32 00            430 	ld	de,#_TestSprites + 0 + 50
                            431 ; genAssign (pointer)
   012F 3E FC               432 	ld	a,#0xFC
   0131 12                  433 	ld	(de),a
                            434 ; genPlus
                            435 ; genPlusIncr
   0132 11 33 00            436 	ld	de,#_TestSprites + 0 + 51
                            437 ; genAssign (pointer)
   0135 3E 82               438 	ld	a,#0x82
   0137 12                  439 	ld	(de),a
                            440 ; genPlus
                            441 ; genPlusIncr
   0138 11 34 00            442 	ld	de,#_TestSprites + 0 + 52
                            443 ; genAssign (pointer)
   013B 3E F0               444 	ld	a,#0xF0
   013D 12                  445 	ld	(de),a
                            446 ; genPlus
                            447 ; genPlusIncr
   013E 11 35 00            448 	ld	de,#_TestSprites + 0 + 53
                            449 ; genAssign (pointer)
   0141 3E 0C               450 	ld	a,#0x0C
   0143 12                  451 	ld	(de),a
                            452 ; genPlus
                            453 ; genPlusIncr
   0144 11 36 00            454 	ld	de,#_TestSprites + 0 + 54
                            455 ; genAssign (pointer)
   0147 3E 80               456 	ld	a,#0x80
   0149 12                  457 	ld	(de),a
                            458 ; genPlus
                            459 ; genPlusIncr
   014A 11 37 00            460 	ld	de,#_TestSprites + 0 + 55
                            461 ; genAssign (pointer)
   014D 3E 70               462 	ld	a,#0x70
   014F 12                  463 	ld	(de),a
                            464 ; genPlus
                            465 ; genPlusIncr
   0150 11 38 00            466 	ld	de,#_TestSprites + 0 + 56
                            467 ; genAssign (pointer)
   0153 3E 10               468 	ld	a,#0x10
   0155 12                  469 	ld	(de),a
                            470 ; genPlus
                            471 ; genPlusIncr
   0156 11 39 00            472 	ld	de,#_TestSprites + 0 + 57
                            473 ; genAssign (pointer)
   0159 3E 80               474 	ld	a,#0x80
   015B 12                  475 	ld	(de),a
                            476 ; genPlus
                            477 ; genPlusIncr
   015C 11 3A 00            478 	ld	de,#_TestSprites + 0 + 58
                            479 ; genAssign (pointer)
   015F 3E 38               480 	ld	a,#0x38
   0161 12                  481 	ld	(de),a
                            482 ; genPlus
                            483 ; genPlusIncr
   0162 11 3B 00            484 	ld	de,#_TestSprites + 0 + 59
                            485 ; genAssign (pointer)
   0165 3E 00               486 	ld	a,#0x00
   0167 12                  487 	ld	(de),a
                            488 ; genPlus
                            489 ; genPlusIncr
   0168 11 3C 00            490 	ld	de,#_TestSprites + 0 + 60
                            491 ; genAssign (pointer)
   016B 3E 54               492 	ld	a,#0x54
   016D 12                  493 	ld	(de),a
                            494 ; genPlus
                            495 ; genPlusIncr
   016E 11 3D 00            496 	ld	de,#_TestSprites + 0 + 61
                            497 ; genAssign (pointer)
   0171 3E 00               498 	ld	a,#0x00
   0173 12                  499 	ld	(de),a
                            500 ; genPlus
                            501 ; genPlusIncr
   0174 11 3E 00            502 	ld	de,#_TestSprites + 0 + 62
                            503 ; genAssign (pointer)
   0177 3E 00               504 	ld	a,#0x00
   0179 12                  505 	ld	(de),a
                            506 ; genPlus
                            507 ; genPlusIncr
   017A 11 3F 00            508 	ld	de,#_TestSprites + 0 + 63
                            509 ; genAssign (pointer)
   017D 3E 00               510 	ld	a,#0x00
   017F 12                  511 	ld	(de),a
                            512 ; genPlus
                            513 ; genPlusIncr
   0180 11 40 00            514 	ld	de,#_TestSprites + 0 + 64
                            515 ; genAssign (pointer)
   0183 3E 80               516 	ld	a,#0x80
   0185 12                  517 	ld	(de),a
                            518 ; genPlus
                            519 ; genPlusIncr
   0186 11 41 00            520 	ld	de,#_TestSprites + 0 + 65
                            521 ; genAssign (pointer)
   0189 3E 00               522 	ld	a,#0x00
   018B 12                  523 	ld	(de),a
                            524 ; genPlus
                            525 ; genPlusIncr
   018C 11 42 00            526 	ld	de,#_TestSprites + 0 + 66
                            527 ; genAssign (pointer)
   018F 3E 80               528 	ld	a,#0x80
   0191 12                  529 	ld	(de),a
                            530 ; genPlus
                            531 ; genPlusIncr
   0192 11 43 00            532 	ld	de,#_TestSprites + 0 + 67
                            533 ; genAssign (pointer)
   0195 3E 00               534 	ld	a,#0x00
   0197 12                  535 	ld	(de),a
                            536 ; genPlus
                            537 ; genPlusIncr
   0198 11 44 00            538 	ld	de,#_TestSprites + 0 + 68
                            539 ; genAssign (pointer)
   019B 3E 80               540 	ld	a,#0x80
   019D 12                  541 	ld	(de),a
                            542 ; genPlus
                            543 ; genPlusIncr
   019E 11 45 00            544 	ld	de,#_TestSprites + 0 + 69
                            545 ; genAssign (pointer)
   01A1 3E 00               546 	ld	a,#0x00
   01A3 12                  547 	ld	(de),a
                            548 ; genPlus
                            549 ; genPlusIncr
   01A4 11 46 00            550 	ld	de,#_TestSprites + 0 + 70
                            551 ; genAssign (pointer)
   01A7 3E 80               552 	ld	a,#0x80
   01A9 12                  553 	ld	(de),a
                            554 ; genPlus
                            555 ; genPlusIncr
   01AA 11 47 00            556 	ld	de,#_TestSprites + 0 + 71
                            557 ; genAssign (pointer)
   01AD 3E 00               558 	ld	a,#0x00
   01AF 12                  559 	ld	(de),a
                            560 ; genPlus
                            561 ; genPlusIncr
   01B0 11 48 00            562 	ld	de,#_TestSprites + 0 + 72
                            563 ; genAssign (pointer)
   01B3 3E 40               564 	ld	a,#0x40
   01B5 12                  565 	ld	(de),a
                            566 ; genPlus
                            567 ; genPlusIncr
   01B6 11 49 00            568 	ld	de,#_TestSprites + 0 + 73
                            569 ; genAssign (pointer)
   01B9 3E 07               570 	ld	a,#0x07
   01BB 12                  571 	ld	(de),a
                            572 ; genPlus
                            573 ; genPlusIncr
   01BC 11 4A 00            574 	ld	de,#_TestSprites + 0 + 74
                            575 ; genAssign (pointer)
   01BF 3E 47               576 	ld	a,#0x47
   01C1 12                  577 	ld	(de),a
                            578 ; genPlus
                            579 ; genPlusIncr
   01C2 11 4B 00            580 	ld	de,#_TestSprites + 0 + 75
                            581 ; genAssign (pointer)
   01C5 3E 0F               582 	ld	a,#0x0F
   01C7 12                  583 	ld	(de),a
                            584 ; genPlus
                            585 ; genPlusIncr
   01C8 11 4C 00            586 	ld	de,#_TestSprites + 0 + 76
                            587 ; genAssign (pointer)
   01CB 3E 3F               588 	ld	a,#0x3F
   01CD 12                  589 	ld	(de),a
                            590 ; genPlus
                            591 ; genPlusIncr
   01CE 11 4D 00            592 	ld	de,#_TestSprites + 0 + 77
                            593 ; genAssign (pointer)
   01D1 3E 0F               594 	ld	a,#0x0F
   01D3 12                  595 	ld	(de),a
                            596 ; genPlus
                            597 ; genPlusIncr
   01D4 11 4E 00            598 	ld	de,#_TestSprites + 0 + 78
                            599 ; genAssign (pointer)
   01D7 3E 0F               600 	ld	a,#0x0F
   01D9 12                  601 	ld	(de),a
                            602 ; genPlus
                            603 ; genPlusIncr
   01DA 11 4F 00            604 	ld	de,#_TestSprites + 0 + 79
                            605 ; genAssign (pointer)
   01DD 3E 1F               606 	ld	a,#0x1F
   01DF 12                  607 	ld	(de),a
                            608 ; genPlus
                            609 ; genPlusIncr
   01E0 11 50 00            610 	ld	de,#_TestSprites + 0 + 80
                            611 ; genAssign (pointer)
   01E3 3E 01               612 	ld	a,#0x01
   01E5 12                  613 	ld	(de),a
                            614 ; genPlus
                            615 ; genPlusIncr
   01E6 11 51 00            616 	ld	de,#_TestSprites + 0 + 81
                            617 ; genAssign (pointer)
   01E9 3E 00               618 	ld	a,#0x00
   01EB 12                  619 	ld	(de),a
                            620 ; genPlus
                            621 ; genPlusIncr
   01EC 11 52 00            622 	ld	de,#_TestSprites + 0 + 82
                            623 ; genAssign (pointer)
   01EF 3E 01               624 	ld	a,#0x01
   01F1 12                  625 	ld	(de),a
                            626 ; genPlus
                            627 ; genPlusIncr
   01F2 11 53 00            628 	ld	de,#_TestSprites + 0 + 83
                            629 ; genAssign (pointer)
   01F5 3E 00               630 	ld	a,#0x00
   01F7 12                  631 	ld	(de),a
                            632 ; genPlus
                            633 ; genPlusIncr
   01F8 11 54 00            634 	ld	de,#_TestSprites + 0 + 84
                            635 ; genAssign (pointer)
   01FB 3E 01               636 	ld	a,#0x01
   01FD 12                  637 	ld	(de),a
                            638 ; genPlus
                            639 ; genPlusIncr
   01FE 11 55 00            640 	ld	de,#_TestSprites + 0 + 85
                            641 ; genAssign (pointer)
   0201 3E 00               642 	ld	a,#0x00
   0203 12                  643 	ld	(de),a
                            644 ; genPlus
                            645 ; genPlusIncr
   0204 11 56 00            646 	ld	de,#_TestSprites + 0 + 86
                            647 ; genAssign (pointer)
   0207 3E 01               648 	ld	a,#0x01
   0209 12                  649 	ld	(de),a
                            650 ; genPlus
                            651 ; genPlusIncr
   020A 11 57 00            652 	ld	de,#_TestSprites + 0 + 87
                            653 ; genAssign (pointer)
   020D 3E 00               654 	ld	a,#0x00
   020F 12                  655 	ld	(de),a
                            656 ; genPlus
                            657 ; genPlusIncr
   0210 11 58 00            658 	ld	de,#_TestSprites + 0 + 88
                            659 ; genAssign (pointer)
   0213 3E 02               660 	ld	a,#0x02
   0215 12                  661 	ld	(de),a
                            662 ; genPlus
                            663 ; genPlusIncr
   0216 11 59 00            664 	ld	de,#_TestSprites + 0 + 89
                            665 ; genAssign (pointer)
   0219 3E E0               666 	ld	a,#0xE0
   021B 12                  667 	ld	(de),a
                            668 ; genPlus
                            669 ; genPlusIncr
   021C 11 5A 00            670 	ld	de,#_TestSprites + 0 + 90
                            671 ; genAssign (pointer)
   021F 3E E2               672 	ld	a,#0xE2
   0221 12                  673 	ld	(de),a
                            674 ; genPlus
                            675 ; genPlusIncr
   0222 11 5B 00            676 	ld	de,#_TestSprites + 0 + 91
                            677 ; genAssign (pointer)
   0225 3E F0               678 	ld	a,#0xF0
   0227 12                  679 	ld	(de),a
                            680 ; genPlus
                            681 ; genPlusIncr
   0228 11 5C 00            682 	ld	de,#_TestSprites + 0 + 92
                            683 ; genAssign (pointer)
   022B 3E FC               684 	ld	a,#0xFC
   022D 12                  685 	ld	(de),a
                            686 ; genPlus
                            687 ; genPlusIncr
   022E 11 5D 00            688 	ld	de,#_TestSprites + 0 + 93
                            689 ; genAssign (pointer)
   0231 3E F0               690 	ld	a,#0xF0
   0233 12                  691 	ld	(de),a
                            692 ; genPlus
                            693 ; genPlusIncr
   0234 11 5E 00            694 	ld	de,#_TestSprites + 0 + 94
                            695 ; genAssign (pointer)
   0237 3E F0               696 	ld	a,#0xF0
   0239 12                  697 	ld	(de),a
                            698 ; genPlus
                            699 ; genPlusIncr
   023A 11 5F 00            700 	ld	de,#_TestSprites + 0 + 95
                            701 ; genAssign (pointer)
   023D 3E F8               702 	ld	a,#0xF8
   023F 12                  703 	ld	(de),a
                            704 ; genPlus
                            705 ; genPlusIncr
   0240 11 60 00            706 	ld	de,#_TestSprites + 0 + 96
                            707 ; genAssign (pointer)
   0243 3E 0D               708 	ld	a,#0x0D
   0245 12                  709 	ld	(de),a
                            710 ; genPlus
                            711 ; genPlusIncr
   0246 11 61 00            712 	ld	de,#_TestSprites + 0 + 97
                            713 ; genAssign (pointer)
   0249 3E 1D               714 	ld	a,#0x1D
   024B 12                  715 	ld	(de),a
                            716 ; genPlus
                            717 ; genPlusIncr
   024C 11 62 00            718 	ld	de,#_TestSprites + 0 + 98
                            719 ; genAssign (pointer)
   024F 3E 3D               720 	ld	a,#0x3D
   0251 12                  721 	ld	(de),a
                            722 ; genPlus
                            723 ; genPlusIncr
   0252 11 63 00            724 	ld	de,#_TestSprites + 0 + 99
                            725 ; genAssign (pointer)
   0255 3E 0D               726 	ld	a,#0x0D
   0257 12                  727 	ld	(de),a
                            728 ; genPlus
                            729 ; genPlusIncr
   0258 11 64 00            730 	ld	de,#_TestSprites + 0 + 100
                            731 ; genAssign (pointer)
   025B 3E 47               732 	ld	a,#0x47
   025D 12                  733 	ld	(de),a
                            734 ; genPlus
                            735 ; genPlusIncr
   025E 11 65 00            736 	ld	de,#_TestSprites + 0 + 101
                            737 ; genAssign (pointer)
   0261 3E 0F               738 	ld	a,#0x0F
   0263 12                  739 	ld	(de),a
                            740 ; genPlus
                            741 ; genPlusIncr
   0264 11 66 00            742 	ld	de,#_TestSprites + 0 + 102
                            743 ; genAssign (pointer)
   0267 3E 40               744 	ld	a,#0x40
   0269 12                  745 	ld	(de),a
                            746 ; genPlus
                            747 ; genPlusIncr
   026A 11 67 00            748 	ld	de,#_TestSprites + 0 + 103
                            749 ; genAssign (pointer)
   026D 3E 07               750 	ld	a,#0x07
   026F 12                  751 	ld	(de),a
                            752 ; genPlus
                            753 ; genPlusIncr
   0270 11 68 00            754 	ld	de,#_TestSprites + 0 + 104
                            755 ; genAssign (pointer)
   0273 3E 80               756 	ld	a,#0x80
   0275 12                  757 	ld	(de),a
                            758 ; genPlus
                            759 ; genPlusIncr
   0276 11 69 00            760 	ld	de,#_TestSprites + 0 + 105
                            761 ; genAssign (pointer)
   0279 3E 00               762 	ld	a,#0x00
   027B 12                  763 	ld	(de),a
                            764 ; genPlus
                            765 ; genPlusIncr
   027C 11 6A 00            766 	ld	de,#_TestSprites + 0 + 106
                            767 ; genAssign (pointer)
   027F 3E 80               768 	ld	a,#0x80
   0281 12                  769 	ld	(de),a
                            770 ; genPlus
                            771 ; genPlusIncr
   0282 11 6B 00            772 	ld	de,#_TestSprites + 0 + 107
                            773 ; genAssign (pointer)
   0285 3E 00               774 	ld	a,#0x00
   0287 12                  775 	ld	(de),a
                            776 ; genPlus
                            777 ; genPlusIncr
   0288 11 6C 00            778 	ld	de,#_TestSprites + 0 + 108
                            779 ; genAssign (pointer)
   028B 3E 80               780 	ld	a,#0x80
   028D 12                  781 	ld	(de),a
                            782 ; genPlus
                            783 ; genPlusIncr
   028E 11 6D 00            784 	ld	de,#_TestSprites + 0 + 109
                            785 ; genAssign (pointer)
   0291 3E 00               786 	ld	a,#0x00
   0293 12                  787 	ld	(de),a
                            788 ; genPlus
                            789 ; genPlusIncr
   0294 11 6E 00            790 	ld	de,#_TestSprites + 0 + 110
                            791 ; genAssign (pointer)
   0297 3E 80               792 	ld	a,#0x80
   0299 12                  793 	ld	(de),a
                            794 ; genPlus
                            795 ; genPlusIncr
   029A 11 6F 00            796 	ld	de,#_TestSprites + 0 + 111
                            797 ; genAssign (pointer)
   029D 3E 00               798 	ld	a,#0x00
   029F 12                  799 	ld	(de),a
                            800 ; genPlus
                            801 ; genPlusIncr
   02A0 11 70 00            802 	ld	de,#_TestSprites + 0 + 112
                            803 ; genAssign (pointer)
   02A3 3E B0               804 	ld	a,#0xB0
   02A5 12                  805 	ld	(de),a
                            806 ; genPlus
                            807 ; genPlusIncr
   02A6 11 71 00            808 	ld	de,#_TestSprites + 0 + 113
                            809 ; genAssign (pointer)
   02A9 3E B8               810 	ld	a,#0xB8
   02AB 12                  811 	ld	(de),a
                            812 ; genPlus
                            813 ; genPlusIncr
   02AC 11 72 00            814 	ld	de,#_TestSprites + 0 + 114
                            815 ; genAssign (pointer)
   02AF 3E BC               816 	ld	a,#0xBC
   02B1 12                  817 	ld	(de),a
                            818 ; genPlus
                            819 ; genPlusIncr
   02B2 11 73 00            820 	ld	de,#_TestSprites + 0 + 115
                            821 ; genAssign (pointer)
   02B5 3E B0               822 	ld	a,#0xB0
   02B7 12                  823 	ld	(de),a
                            824 ; genPlus
                            825 ; genPlusIncr
   02B8 11 74 00            826 	ld	de,#_TestSprites + 0 + 116
                            827 ; genAssign (pointer)
   02BB 3E E2               828 	ld	a,#0xE2
   02BD 12                  829 	ld	(de),a
                            830 ; genPlus
                            831 ; genPlusIncr
   02BE 11 75 00            832 	ld	de,#_TestSprites + 0 + 117
                            833 ; genAssign (pointer)
   02C1 3E F0               834 	ld	a,#0xF0
   02C3 12                  835 	ld	(de),a
                            836 ; genPlus
                            837 ; genPlusIncr
   02C4 11 76 00            838 	ld	de,#_TestSprites + 0 + 118
                            839 ; genAssign (pointer)
   02C7 3E C2               840 	ld	a,#0xC2
   02C9 12                  841 	ld	(de),a
                            842 ; genPlus
                            843 ; genPlusIncr
   02CA 11 77 00            844 	ld	de,#_TestSprites + 0 + 119
                            845 ; genAssign (pointer)
   02CD 3E E0               846 	ld	a,#0xE0
   02CF 12                  847 	ld	(de),a
                            848 ; genPlus
                            849 ; genPlusIncr
   02D0 11 78 00            850 	ld	de,#_TestSprites + 0 + 120
                            851 ; genAssign (pointer)
   02D3 3E 01               852 	ld	a,#0x01
   02D5 12                  853 	ld	(de),a
                            854 ; genPlus
                            855 ; genPlusIncr
   02D6 11 79 00            856 	ld	de,#_TestSprites + 0 + 121
                            857 ; genAssign (pointer)
   02D9 3E C0               858 	ld	a,#0xC0
   02DB 12                  859 	ld	(de),a
                            860 ; genPlus
                            861 ; genPlusIncr
   02DC 11 7A 00            862 	ld	de,#_TestSprites + 0 + 122
                            863 ; genAssign (pointer)
   02DF 3E 01               864 	ld	a,#0x01
   02E1 12                  865 	ld	(de),a
                            866 ; genPlus
                            867 ; genPlusIncr
   02E2 11 7B 00            868 	ld	de,#_TestSprites + 0 + 123
                            869 ; genAssign (pointer)
   02E5 3E 00               870 	ld	a,#0x00
   02E7 12                  871 	ld	(de),a
                            872 ; genPlus
                            873 ; genPlusIncr
   02E8 11 7C 00            874 	ld	de,#_TestSprites + 0 + 124
                            875 ; genAssign (pointer)
   02EB 3E 01               876 	ld	a,#0x01
   02ED 12                  877 	ld	(de),a
                            878 ; genPlus
                            879 ; genPlusIncr
   02EE 11 7D 00            880 	ld	de,#_TestSprites + 0 + 125
                            881 ; genAssign (pointer)
   02F1 3E 00               882 	ld	a,#0x00
   02F3 12                  883 	ld	(de),a
                            884 ; genPlus
                            885 ; genPlusIncr
   02F4 11 7E 00            886 	ld	de,#_TestSprites + 0 + 126
                            887 ; genAssign (pointer)
   02F7 3E 01               888 	ld	a,#0x01
   02F9 12                  889 	ld	(de),a
                            890 ; genPlus
                            891 ; genPlusIncr
   02FA 11 7F 00            892 	ld	de,#_TestSprites + 0 + 127
                            893 ; genAssign (pointer)
   02FD 3E 00               894 	ld	a,#0x00
   02FF 12                  895 	ld	(de),a
                            896 ;	main.c 69
                            897 ; genAssign
                            898 ; AOP_HL for _spriteSize
   0300 21 90 00            899 	ld	hl,#_spriteSize + 0
   0303 36 08               900 	ld	(hl),#0x08
                            901 ;--------------------------------------------------------
                            902 ; Home
                            903 ;--------------------------------------------------------
                            904 	.area _HOME
                            905 	.area _CODE
                            906 ;--------------------------------------------------------
                            907 ; code
                            908 ;--------------------------------------------------------
                            909 	.area _CODE
                            910 ;	main.c 10
                            911 ; genLabel
                            912 ; genFunction
                            913 ;	---------------------------------
                            914 ; Function moveGameCharacter
                            915 ; ---------------------------------
   0000                     916 ___moveGameCharacter_start:
   0000                     917 _moveGameCharacter:
   0000 C5                  918 	push	bc
   0001 E8 FD               919 	lda	sp,-3(sp)
                            920 ;	main.c 12
                            921 ; genAssign
                            922 ; AOP_STK for 
                            923 ; AOP_STK for _moveGameCharacter_sloc1_1_0
   0003 F8 07               924 	lda	hl,7(sp)
   0005 2A                  925 	ld	a,(hl+)
   0006 5E                  926 	ld	e,(hl)
   0007 F8 00               927 	lda	hl,0(sp)
   0009 22                  928 	ld	(hl+),a
   000A 73                  929 	ld	(hl),e
                            930 ; genPointerGet
                            931 ; AOP_STK for _moveGameCharacter_sloc1_1_0
                            932 ; AOP_STK for _moveGameCharacter_sloc0_1_0
   000B 2B                  933 	dec	hl
   000C 5E                  934 	ld	e,(hl)
   000D 23                  935 	inc	hl
   000E 56                  936 	ld	d,(hl)
   000F 1A                  937 	ld	a,(de)
   0010 23                  938 	inc	hl
   0011 77                  939 	ld	(hl),a
                            940 ; genIpush
                            941 ; AOP_STK for 
   0012 F8 0A               942 	lda	hl,10(sp)
   0014 7E                  943 	ld	a,(hl)
   0015 F5                  944 	push	af
   0016 33                  945 	inc	sp
                            946 ; genIpush
                            947 ; AOP_STK for 
   0017 2B                  948 	dec	hl
   0018 7E                  949 	ld	a,(hl)
   0019 F5                  950 	push	af
   001A 33                  951 	inc	sp
                            952 ; genIpush
                            953 ; AOP_STK for _moveGameCharacter_sloc0_1_0
   001B F8 04               954 	lda	hl,4(sp)
   001D 7E                  955 	ld	a,(hl)
   001E F5                  956 	push	af
   001F 33                  957 	inc	sp
                            958 ; genCall
   0020 CD 00 00            959 	call	_move_sprite
   0023 E8 03               960 	lda	sp,3(sp)
                            961 ;	main.c 13
                            962 ; genPlus
                            963 ; AOP_STK for 
                            964 ; AOP_HL for _spriteSize
                            965 ;	genPlusIncr failed
   0025 F8 09               966 	lda	hl,9(sp)
   0027 7E                  967 	ld	a,(hl)
   0028 21 90 00            968 	ld	hl,#_spriteSize + 0
   002B 86                  969 	add	a,(hl)
   002C 4F                  970 	ld	c,a
                            971 ; genPlus
                            972 ; AOP_STK for _moveGameCharacter_sloc1_1_0
                            973 ; genPlusIncr
   002D F8 00               974 	lda	hl,0(sp)
   002F 5E                  975 	ld	e,(hl)
   0030 23                  976 	inc	hl
   0031 56                  977 	ld	d,(hl)
   0032 13                  978 	inc	de
                            979 ; genPointerGet
   0033 1A                  980 	ld	a,(de)
   0034 47                  981 	ld	b,a
                            982 ; genIpush
                            983 ; AOP_STK for 
   0035 F8 0A               984 	lda	hl,10(sp)
   0037 7E                  985 	ld	a,(hl)
   0038 F5                  986 	push	af
   0039 33                  987 	inc	sp
                            988 ; genIpush
   003A 79                  989 	ld	a,c
   003B F5                  990 	push	af
   003C 33                  991 	inc	sp
                            992 ; genIpush
   003D 78                  993 	ld	a,b
   003E F5                  994 	push	af
   003F 33                  995 	inc	sp
                            996 ; genCall
   0040 CD 00 00            997 	call	_move_sprite
   0043 E8 03               998 	lda	sp,3(sp)
                            999 ;	main.c 14
                           1000 ; genPlus
                           1001 ; AOP_STK for 
                           1002 ; AOP_HL for _spriteSize
                           1003 ; AOP_STK for _moveGameCharacter_sloc0_1_0
                           1004 ;	genPlusIncr failed
   0045 F8 0A              1005 	lda	hl,10(sp)
   0047 7E                 1006 	ld	a,(hl)
   0048 21 90 00           1007 	ld	hl,#_spriteSize + 0
   004B 86                 1008 	add	a,(hl)
   004C F8 02              1009 	lda	hl,2(sp)
   004E 77                 1010 	ld	(hl),a
                           1011 ; genPlus
                           1012 ; AOP_STK for _moveGameCharacter_sloc1_1_0
                           1013 ; genPlusIncr
   004F 2B                 1014 	dec	hl
   0050 2B                 1015 	dec	hl
   0051 5E                 1016 	ld	e,(hl)
   0052 23                 1017 	inc	hl
   0053 56                 1018 	ld	d,(hl)
   0054 13                 1019 	inc	de
   0055 13                 1020 	inc	de
                           1021 ; genPointerGet
   0056 1A                 1022 	ld	a,(de)
   0057 47                 1023 	ld	b,a
                           1024 ; genIpush
                           1025 ; AOP_STK for _moveGameCharacter_sloc0_1_0
   0058 23                 1026 	inc	hl
   0059 7E                 1027 	ld	a,(hl)
   005A F5                 1028 	push	af
   005B 33                 1029 	inc	sp
                           1030 ; genIpush
                           1031 ; AOP_STK for 
   005C F8 0A              1032 	lda	hl,10(sp)
   005E 7E                 1033 	ld	a,(hl)
   005F F5                 1034 	push	af
   0060 33                 1035 	inc	sp
                           1036 ; genIpush
   0061 78                 1037 	ld	a,b
   0062 F5                 1038 	push	af
   0063 33                 1039 	inc	sp
                           1040 ; genCall
   0064 CD 00 00           1041 	call	_move_sprite
   0067 E8 03              1042 	lda	sp,3(sp)
                           1043 ;	main.c 15
                           1044 ; genPlus
                           1045 ; AOP_STK for _moveGameCharacter_sloc1_1_0
                           1046 ; genPlusIncr
                           1047 ;	genPlusIncr failed
   0069 F8 00              1048 	lda	hl,0(sp)
   006B 5E                 1049 	ld	e,(hl)
   006C 23                 1050 	inc	hl
   006D 56                 1051 	ld	d,(hl)
   006E 21 03 00           1052 	ld	hl,#0x0003
   0071 19                 1053 	add	hl,de
   0072 5D                 1054 	ld	e,l
   0073 54                 1055 	ld	d,h
                           1056 ; genPointerGet
   0074 1A                 1057 	ld	a,(de)
   0075 47                 1058 	ld	b,a
                           1059 ; genIpush
                           1060 ; AOP_STK for _moveGameCharacter_sloc0_1_0
   0076 F8 02              1061 	lda	hl,2(sp)
   0078 7E                 1062 	ld	a,(hl)
   0079 F5                 1063 	push	af
   007A 33                 1064 	inc	sp
                           1065 ; genIpush
   007B 79                 1066 	ld	a,c
   007C F5                 1067 	push	af
   007D 33                 1068 	inc	sp
                           1069 ; genIpush
   007E 78                 1070 	ld	a,b
   007F F5                 1071 	push	af
   0080 33                 1072 	inc	sp
                           1073 ; genCall
   0081 CD 00 00           1074 	call	_move_sprite
   0084 E8 03              1075 	lda	sp,3(sp)
                           1076 ; genLabel
   0086                    1077 00101$:
                           1078 ; genEndFunction
   0086 E8 03              1079 	lda	sp,3(sp)
   0088 C1                 1080 	pop	bc
   0089 C9                 1081 	ret
   008A                    1082 ___moveGameCharacter_end:
                           1083 ;	main.c 18
                           1084 ; genLabel
                           1085 ; genFunction
                           1086 ;	---------------------------------
                           1087 ; Function setShip
                           1088 ; ---------------------------------
   008A                    1089 ___setShip_start:
   008A                    1090 _setShip:
   008A C5                 1091 	push	bc
   008B E8 FD              1092 	lda	sp,-3(sp)
                           1093 ;	main.c 20
                           1094 ; genPlus
                           1095 ; AOP_STK for _setShip_sloc0_1_0
                           1096 ; genPlusIncr
                           1097 ;	genPlusIncr failed
   008D 11 80 00           1098 	ld	de,#_ship + 0
   0090 21 04 00           1099 	ld	hl,#0x0004
   0093 19                 1100 	add	hl,de
   0094 7D                 1101 	ld	a,l
   0095 54                 1102 	ld	d,h
   0096 F8 01              1103 	lda	hl,1(sp)
   0098 22                 1104 	ld	(hl+),a
   0099 72                 1105 	ld	(hl),d
                           1106 ; genAssign (pointer)
                           1107 ; AOP_STK for _setShip_sloc0_1_0
   009A 2B                 1108 	dec	hl
   009B 5E                 1109 	ld	e,(hl)
   009C 23                 1110 	inc	hl
   009D 56                 1111 	ld	d,(hl)
   009E 3E 50              1112 	ld	a,#0x50
   00A0 12                 1113 	ld	(de),a
                           1114 ;	main.c 21
                           1115 ; genPlus
                           1116 ; genPlusIncr
   00A1 01 85 00           1117 	ld	bc,#_ship + 0 + 5
                           1118 ; genAssign (pointer)
   00A4 3E 82              1119 	ld	a,#0x82
   00A6 02                 1120 	ld	(bc),a
                           1121 ;	main.c 22
                           1122 ; genPlus
                           1123 ; genPlusIncr
   00A7 11 86 00           1124 	ld	de,#_ship + 0 + 6
                           1125 ; genAssign (pointer)
   00AA 3E 10              1126 	ld	a,#0x10
   00AC 12                 1127 	ld	(de),a
                           1128 ;	main.c 23
                           1129 ; genPlus
                           1130 ; genPlusIncr
   00AD 11 87 00           1131 	ld	de,#_ship + 0 + 7
                           1132 ; genAssign (pointer)
   00B0 3E 10              1133 	ld	a,#0x10
   00B2 12                 1134 	ld	(de),a
                           1135 ;	main.c 25
                           1136 ; genIpush
   00B3 3E 00              1137 	ld	a,#0x00
   00B5 F5                 1138 	push	af
   00B6 33                 1139 	inc	sp
                           1140 ; genIpush
   00B7 3E 00              1141 	ld	a,#0x00
   00B9 F5                 1142 	push	af
   00BA 33                 1143 	inc	sp
                           1144 ; genCall
   00BB CD 00 00           1145 	call	_set_sprite_tile
   00BE E8 02              1146 	lda	sp,2(sp)
                           1147 ;	main.c 26
                           1148 ; genAssign (pointer)
   00C0 11 80 00           1149 	ld	de,#_ship + 0
   00C3 3E 00              1150 	ld	a,#0x00
   00C5 12                 1151 	ld	(de),a
                           1152 ;	main.c 27
                           1153 ; genIpush
   00C6 3E 01              1154 	ld	a,#0x01
   00C8 F5                 1155 	push	af
   00C9 33                 1156 	inc	sp
                           1157 ; genIpush
   00CA 3E 01              1158 	ld	a,#0x01
   00CC F5                 1159 	push	af
   00CD 33                 1160 	inc	sp
                           1161 ; genCall
   00CE CD 00 00           1162 	call	_set_sprite_tile
   00D1 E8 02              1163 	lda	sp,2(sp)
                           1164 ;	main.c 28
                           1165 ; genPlus
                           1166 ; genPlusIncr
   00D3 11 81 00           1167 	ld	de,#_ship + 0 + 1
                           1168 ; genAssign (pointer)
   00D6 3E 01              1169 	ld	a,#0x01
   00D8 12                 1170 	ld	(de),a
                           1171 ;	main.c 29
                           1172 ; genIpush
   00D9 3E 02              1173 	ld	a,#0x02
   00DB F5                 1174 	push	af
   00DC 33                 1175 	inc	sp
                           1176 ; genIpush
   00DD 3E 02              1177 	ld	a,#0x02
   00DF F5                 1178 	push	af
   00E0 33                 1179 	inc	sp
                           1180 ; genCall
   00E1 CD 00 00           1181 	call	_set_sprite_tile
   00E4 E8 02              1182 	lda	sp,2(sp)
                           1183 ;	main.c 30
                           1184 ; genPlus
                           1185 ; genPlusIncr
   00E6 11 82 00           1186 	ld	de,#_ship + 0 + 2
                           1187 ; genAssign (pointer)
   00E9 3E 02              1188 	ld	a,#0x02
   00EB 12                 1189 	ld	(de),a
                           1190 ;	main.c 31
                           1191 ; genIpush
   00EC 3E 03              1192 	ld	a,#0x03
   00EE F5                 1193 	push	af
   00EF 33                 1194 	inc	sp
                           1195 ; genIpush
   00F0 3E 03              1196 	ld	a,#0x03
   00F2 F5                 1197 	push	af
   00F3 33                 1198 	inc	sp
                           1199 ; genCall
   00F4 CD 00 00           1200 	call	_set_sprite_tile
   00F7 E8 02              1201 	lda	sp,2(sp)
                           1202 ;	main.c 32
                           1203 ; genPlus
                           1204 ; genPlusIncr
   00F9 11 83 00           1205 	ld	de,#_ship + 0 + 3
                           1206 ; genAssign (pointer)
   00FC 3E 03              1207 	ld	a,#0x03
   00FE 12                 1208 	ld	(de),a
                           1209 ;	main.c 34
                           1210 ; genPointerGet
                           1211 ; AOP_STK for _setShip_sloc1_1_0
   00FF 0A                 1212 	ld	a,(bc)
   0100 F8 00              1213 	lda	hl,0(sp)
                           1214 ; genPointerGet
                           1215 ; AOP_STK for _setShip_sloc0_1_0
   0102 22                 1216 	ld	(hl+),a
   0103 5E                 1217 	ld	e,(hl)
   0104 23                 1218 	inc	hl
   0105 56                 1219 	ld	d,(hl)
   0106 1A                 1220 	ld	a,(de)
   0107 4F                 1221 	ld	c,a
                           1222 ; genIpush
                           1223 ; AOP_STK for _setShip_sloc1_1_0
   0108 2B                 1224 	dec	hl
   0109 2B                 1225 	dec	hl
   010A 7E                 1226 	ld	a,(hl)
   010B F5                 1227 	push	af
   010C 33                 1228 	inc	sp
                           1229 ; genIpush
   010D 79                 1230 	ld	a,c
   010E F5                 1231 	push	af
   010F 33                 1232 	inc	sp
                           1233 ; genIpush
   0110 21 80 00           1234 	ld	hl,#_ship + 0
   0113 E5                 1235 	push	hl
                           1236 ; genCall
   0114 CD 00 00           1237 	call	_moveGameCharacter
   0117 E8 04              1238 	lda	sp,4(sp)
                           1239 ; genLabel
   0119                    1240 00101$:
                           1241 ; genEndFunction
   0119 E8 03              1242 	lda	sp,3(sp)
   011B C1                 1243 	pop	bc
   011C C9                 1244 	ret
   011D                    1245 ___setShip_end:
                           1246 ;	main.c 37
                           1247 ; genLabel
                           1248 ; genFunction
                           1249 ;	---------------------------------
                           1250 ; Function setBug
                           1251 ; ---------------------------------
   011D                    1252 ___setBug_start:
   011D                    1253 _setBug:
   011D C5                 1254 	push	bc
   011E E8 FD              1255 	lda	sp,-3(sp)
                           1256 ;	main.c 39
                           1257 ; genPlus
                           1258 ; AOP_STK for _setBug_sloc0_1_0
                           1259 ; genPlusIncr
                           1260 ;	genPlusIncr failed
   0120 11 88 00           1261 	ld	de,#_bug + 0
   0123 21 04 00           1262 	ld	hl,#0x0004
   0126 19                 1263 	add	hl,de
   0127 7D                 1264 	ld	a,l
   0128 54                 1265 	ld	d,h
   0129 F8 01              1266 	lda	hl,1(sp)
   012B 22                 1267 	ld	(hl+),a
   012C 72                 1268 	ld	(hl),d
                           1269 ; genAssign (pointer)
                           1270 ; AOP_STK for _setBug_sloc0_1_0
   012D 2B                 1271 	dec	hl
   012E 5E                 1272 	ld	e,(hl)
   012F 23                 1273 	inc	hl
   0130 56                 1274 	ld	d,(hl)
   0131 3E 1E              1275 	ld	a,#0x1E
   0133 12                 1276 	ld	(de),a
                           1277 ;	main.c 40
                           1278 ; genPlus
                           1279 ; genPlusIncr
   0134 01 8D 00           1280 	ld	bc,#_bug + 0 + 5
                           1281 ; genAssign (pointer)
   0137 3E 00              1282 	ld	a,#0x00
   0139 02                 1283 	ld	(bc),a
                           1284 ;	main.c 41
                           1285 ; genPlus
                           1286 ; genPlusIncr
   013A 11 8E 00           1287 	ld	de,#_bug + 0 + 6
                           1288 ; genAssign (pointer)
   013D 3E 10              1289 	ld	a,#0x10
   013F 12                 1290 	ld	(de),a
                           1291 ;	main.c 42
                           1292 ; genPlus
                           1293 ; genPlusIncr
   0140 11 8F 00           1294 	ld	de,#_bug + 0 + 7
                           1295 ; genAssign (pointer)
   0143 3E 10              1296 	ld	a,#0x10
   0145 12                 1297 	ld	(de),a
                           1298 ;	main.c 44
                           1299 ; genIpush
   0146 3E 04              1300 	ld	a,#0x04
   0148 F5                 1301 	push	af
   0149 33                 1302 	inc	sp
                           1303 ; genIpush
   014A 3E 04              1304 	ld	a,#0x04
   014C F5                 1305 	push	af
   014D 33                 1306 	inc	sp
                           1307 ; genCall
   014E CD 00 00           1308 	call	_set_sprite_tile
   0151 E8 02              1309 	lda	sp,2(sp)
                           1310 ;	main.c 45
                           1311 ; genAssign (pointer)
   0153 11 88 00           1312 	ld	de,#_bug + 0
   0156 3E 04              1313 	ld	a,#0x04
   0158 12                 1314 	ld	(de),a
                           1315 ;	main.c 46
                           1316 ; genIpush
   0159 3E 05              1317 	ld	a,#0x05
   015B F5                 1318 	push	af
   015C 33                 1319 	inc	sp
                           1320 ; genIpush
   015D 3E 05              1321 	ld	a,#0x05
   015F F5                 1322 	push	af
   0160 33                 1323 	inc	sp
                           1324 ; genCall
   0161 CD 00 00           1325 	call	_set_sprite_tile
   0164 E8 02              1326 	lda	sp,2(sp)
                           1327 ;	main.c 47
                           1328 ; genPlus
                           1329 ; genPlusIncr
   0166 11 89 00           1330 	ld	de,#_bug + 0 + 1
                           1331 ; genAssign (pointer)
   0169 3E 05              1332 	ld	a,#0x05
   016B 12                 1333 	ld	(de),a
                           1334 ;	main.c 48
                           1335 ; genIpush
   016C 3E 06              1336 	ld	a,#0x06
   016E F5                 1337 	push	af
   016F 33                 1338 	inc	sp
                           1339 ; genIpush
   0170 3E 06              1340 	ld	a,#0x06
   0172 F5                 1341 	push	af
   0173 33                 1342 	inc	sp
                           1343 ; genCall
   0174 CD 00 00           1344 	call	_set_sprite_tile
   0177 E8 02              1345 	lda	sp,2(sp)
                           1346 ;	main.c 49
                           1347 ; genPlus
                           1348 ; genPlusIncr
   0179 11 8A 00           1349 	ld	de,#_bug + 0 + 2
                           1350 ; genAssign (pointer)
   017C 3E 06              1351 	ld	a,#0x06
   017E 12                 1352 	ld	(de),a
                           1353 ;	main.c 50
                           1354 ; genIpush
   017F 3E 07              1355 	ld	a,#0x07
   0181 F5                 1356 	push	af
   0182 33                 1357 	inc	sp
                           1358 ; genIpush
   0183 3E 07              1359 	ld	a,#0x07
   0185 F5                 1360 	push	af
   0186 33                 1361 	inc	sp
                           1362 ; genCall
   0187 CD 00 00           1363 	call	_set_sprite_tile
   018A E8 02              1364 	lda	sp,2(sp)
                           1365 ;	main.c 51
                           1366 ; genPlus
                           1367 ; genPlusIncr
   018C 11 8B 00           1368 	ld	de,#_bug + 0 + 3
                           1369 ; genAssign (pointer)
   018F 3E 07              1370 	ld	a,#0x07
   0191 12                 1371 	ld	(de),a
                           1372 ;	main.c 53
                           1373 ; genPointerGet
                           1374 ; AOP_STK for _setBug_sloc1_1_0
   0192 0A                 1375 	ld	a,(bc)
   0193 F8 00              1376 	lda	hl,0(sp)
                           1377 ; genPointerGet
                           1378 ; AOP_STK for _setBug_sloc0_1_0
   0195 22                 1379 	ld	(hl+),a
   0196 5E                 1380 	ld	e,(hl)
   0197 23                 1381 	inc	hl
   0198 56                 1382 	ld	d,(hl)
   0199 1A                 1383 	ld	a,(de)
   019A 4F                 1384 	ld	c,a
                           1385 ; genIpush
                           1386 ; AOP_STK for _setBug_sloc1_1_0
   019B 2B                 1387 	dec	hl
   019C 2B                 1388 	dec	hl
   019D 7E                 1389 	ld	a,(hl)
   019E F5                 1390 	push	af
   019F 33                 1391 	inc	sp
                           1392 ; genIpush
   01A0 79                 1393 	ld	a,c
   01A1 F5                 1394 	push	af
   01A2 33                 1395 	inc	sp
                           1396 ; genIpush
   01A3 21 88 00           1397 	ld	hl,#_bug + 0
   01A6 E5                 1398 	push	hl
                           1399 ; genCall
   01A7 CD 00 00           1400 	call	_moveGameCharacter
   01AA E8 04              1401 	lda	sp,4(sp)
                           1402 ; genLabel
   01AC                    1403 00101$:
                           1404 ; genEndFunction
   01AC E8 03              1405 	lda	sp,3(sp)
   01AE C1                 1406 	pop	bc
   01AF C9                 1407 	ret
   01B0                    1408 ___setBug_end:
                           1409 ;	main.c 56
                           1410 ; genLabel
                           1411 ; genFunction
                           1412 ;	---------------------------------
                           1413 ; Function main
                           1414 ; ---------------------------------
   01B0                    1415 ___main_start:
   01B0                    1416 _main:
                           1417 	
                           1418 ;	main.c 58
                           1419 ; genIpush
   01B0 21 00 00           1420 	ld	hl,#_TestSprites + 0
   01B3 E5                 1421 	push	hl
                           1422 ; genIpush
   01B4 3E 08              1423 	ld	a,#0x08
   01B6 F5                 1424 	push	af
   01B7 33                 1425 	inc	sp
                           1426 ; genIpush
   01B8 3E 00              1427 	ld	a,#0x00
   01BA F5                 1428 	push	af
   01BB 33                 1429 	inc	sp
                           1430 ; genCall
   01BC CD 00 00           1431 	call	_set_sprite_data
   01BF E8 04              1432 	lda	sp,4(sp)
                           1433 ;	main.c 59
                           1434 ; genCall
   01C1 CD 8A 00           1435 	call	_setShip
                           1436 ;	main.c 60
                           1437 ; genCall
   01C4 CD 1D 01           1438 	call	_setBug
                           1439 ;	main.c 62
                           1440 ; genOr
                           1441 ; AOP_SFR for _LCDC_REG
                           1442 ; Type res[4] = l[4]&r[1]
                           1443 ; Size res[1] = l[1]&r[1]
   01C7 F0 00              1444 	ldh	a,(_LCDC_REG+0) ; x
   01C9 F6 02              1445 	or	a,#0x02
   01CB E0 00              1446 	ldh	(_LCDC_REG+0),a
                           1447 ;	main.c 63
                           1448 ; genOr
                           1449 ; AOP_SFR for _LCDC_REG
                           1450 ; Type res[4] = l[4]&r[1]
                           1451 ; Size res[1] = l[1]&r[1]
   01CD F0 00              1452 	ldh	a,(_LCDC_REG+0) ; x
   01CF F6 80              1453 	or	a,#0x80
   01D1 E0 00              1454 	ldh	(_LCDC_REG+0),a
                           1455 ;	main.c 65
                           1456 ; genLabel
   01D3                    1457 00102$:
                           1458 ; genGoto
   01D3 C3 D3 01           1459 	jp	00102$
                           1460 ; genLabel
   01D6                    1461 00104$:
                           1462 ; genEndFunction
                           1463 	
   01D6 C9                 1464 	ret
   01D7                    1465 ___main_end:
                           1466 	.area _CODE
ASxxxx Assembler V01.75  (GameBoy Z80-like CPU), page 1.

Symbol Table

    _BCPD_REG                          **** GX
    _BCPS_REG                          **** GX
    _BGP_REG                           **** GX
    _DIV_REG                           **** GX
    _DMA_REG                           **** GX
    _HDMA1_REG                         **** GX
    _HDMA2_REG                         **** GX
    _HDMA3_REG                         **** GX
    _HDMA4_REG                         **** GX
    _HDMA5_REG                         **** GX
    _IE_REG                            **** GX
    _IF_REG                            **** GX
    _KEY1_REG                          **** GX
    _LCDC_REG                          **** GX
    _LYC_REG                           **** GX
    _LY_REG                            **** GX
    _NR10_REG                          **** GX
    _NR11_REG                          **** GX
    _NR12_REG                          **** GX
    _NR13_REG                          **** GX
    _NR14_REG                          **** GX
    _NR21_REG                          **** GX
    _NR22_REG                          **** GX
    _NR23_REG                          **** GX
    _NR24_REG                          **** GX
    _NR30_REG                          **** GX
    _NR31_REG                          **** GX
    _NR32_REG                          **** GX
    _NR33_REG                          **** GX
    _NR34_REG                          **** GX
    _NR41_REG                          **** GX
    _NR42_REG                          **** GX
    _NR43_REG                          **** GX
    _NR44_REG                          **** GX
    _NR50_REG                          **** GX
    _NR51_REG                          **** GX
    _NR52_REG                          **** GX
    _OBP0_REG                          **** GX
    _OBP1_REG                          **** GX
    _OCPD_REG                          **** GX
    _OCPS_REG                          **** GX
    _P1_REG                            **** GX
    _RP_REG                            **** GX
    _SB_REG                            **** GX
    _SCX_REG                           **** GX
    _SCY_REG                           **** GX
    _SC_REG                            **** GX
    _STAT_REG                          **** GX
    _SVBK_REG                          **** GX
    _TAC_REG                           **** GX
    _TIMA_REG                          **** GX
    _TMA_REG                           **** GX
  1 _TestSprites                       0000 GR
    _VBK_REG                           **** GX
    _WX_REG                            **** GX
    _WY_REG                            **** GX
  0 ___main_end                        01D7 R
  0 ___main_start                      01B0 R
  0 ___moveGameCharacter_end           008A R
  0 ___moveGameCharacter_start         0000 R
  0 ___setBug_end                      01B0 R
  0 ___setBug_start                    011D R
  0 ___setShip_end                     011D R
  0 ___setShip_start                   008A R
    __cpu                              **** GX
    __io_in                            **** GX
    __io_out                           **** GX
    __io_status                        **** GX
  1 _bug                               0088 GR
  0 _main                              01B0 GR
  0 _moveGameCharacter                 0000 GR
    _move_sprite                       **** GX
  0 _setBug                            011D GR
  0 _setShip                           008A GR
    _set_sprite_data                   **** GX
    _set_sprite_tile                   **** GX
  1 _ship                              0080 GR
  1 _spriteSize                        0090 GR
    _sys_time                          **** GX

ASxxxx Assembler V01.75  (GameBoy Z80-like CPU), page 2.

Area Table

   0 _CODE                              size  1D7   flags 0
   1 _DATA                              size   91   flags 0
   2 _OVERLAY                           size    0   flags 0
   3 _ISEG                              size    0   flags 0
   4 _BSEG                              size    0   flags 0
   5 _XSEG                              size    0   flags 0
   6 _GSINIT                            size  305   flags 0
   7 _GSFINAL                           size    0   flags 0
   8 _HOME                              size    0   flags 0
