AREA .  .ABS.
	RADIX HEX
	BASE 0000
	SIZE 0000
	ATTRIB ABS OVR
	GLOBALS
		l__HEAP	0000
		l__BSEG	0000
		l_.  .ABS.	0000
		l__GSFINAL	0000
		l__ISEG	0000
		s_.  .ABS.	0000
		s__HEADER	0000
		l__XSEG	0000
		.init	0000
		l__OVERLAY	0000
		l__LIT	0000
		s__SFR	0000
		l__GSINITTAIL	0001
		l__BSS	0087
		l__DATA	01BD
		l__HEADER	01EB
		s__CODE	0200
		l__HOME	04AF
		l__GSINIT	0A50
		l__CODE	0B7C
		s__HOME	0D7C
		l__BASE	10E6
		s__BASE	122B
		s__LIT	2311
		s__GSINIT	2311
		s__GSINITTAIL	2D61
		s__GSFINAL	2D62
		.OAM	C000
		s__DATA	C0A0
		s__BSS	C25D
		s__HEAP	C2E4
		s__BSEG	C2E4
		s__ISEG	C2E4
		s__XSEG	C2E4
		s__OVERLAY	C2E4
		.STACK	E000
		.refresh_OAM	FF80
		l__SFR	10000
AREA _CODE
	RADIX HEX
	BASE 0200
	SIZE 0B7C
	ATTRIB REL CON
	GLOBALS
		_performantdelay	0200
		_blankmap	0214
		_canplayermove	0215
		_animatesprite	0386
		_main	0415
		_putchar	060B
		_setchar	0614
		_gotoxy	061D
		_posx	0628
		_posy	0639
		.adv_gcurs	064A
		.circle	0667
		.horlin	070A
		.verlin	0742
		.circplot	079E
		.box	081C
		.line	08F2
		.xonly	0A13
		.yonly	0B62
		.plot	0B83
		.wrbyte	0BA0
		.getpix	0C22
		.wrtchr	0C57
		_gotogxy	0CBB
		_wrtchr	0CC6
		_getpix	0CDB
		_color	0CE7
		_circle	0CF6
		_box	0D10
		_line	0D34
		_plot_point	0D4C
		_plot	0D60
AREA _HEADER
	RADIX HEX
	BASE 0000
	SIZE 01EB
	ATTRIB ABS OVR
	GLOBALS
		_exit	01D2
AREA _HOME
	RADIX HEX
	BASE 0D7C
	SIZE 04AF
	ATTRIB REL CON
	GLOBALS
		.set_mode	0D7C
		.remove_VBL	0D8C
		.remove_LCD	0D92
		.remove_TIM	0D98
		.remove_SIO	0D9E
		.remove_JOY	0DA4
		.add_VBL	0DAA
		.add_LCD	0DB0
		.add_TIM	0DB6
		.add_SIO	0DBC
		.add_JOY	0DC2
		.remove_int	0DC8
		.add_int	0DE8
		.wait_vbl_done	0E04
		_wait_vbl_done	0E04
		_display_off	0E1B
		.display_off	0E1B
		.serial_IO	0E3C
		_mode	0E6B
		_get_mode	0E74
		_enable_interrupts	0E79
		_disable_interrupts	0E7B
		_reset	0E7D
		.reset	0E7D
		_set_interrupts	0E83
		_remove_VBL	0E8E
		_remove_LCD	0E99
		_remove_TIM	0EA4
		_remove_SIO	0EAF
		_remove_JOY	0EBA
		_add_VBL	0EC5
		_add_LCD	0ED0
		_add_TIM	0EDB
		_add_SIO	0EE6
		_add_JOY	0EF1
		_clock	0EFC
		__printTStates	0F05
		banked_call	0F06
		banked_ret	0F1F
		_printf	0F28
		_sprintf	0F57
AREA _BASE
	RADIX HEX
	BASE 122B
	SIZE 10E6
	ATTRIB REL CON
	GLOBALS
		.mv_sprite	122B
		_move_sprite	123A
		__mulschar	1247
		__muluchar	1247
		__mulsint	1253
		__muluint	1253
		.mulu16	1267
		.mul16	1267
		_set_win_data	127D
		_set_bkg_data	127D
		_set_sprite_data	12CA
		.scroll_sprite	12F9
		_scroll_sprite	130A
		.padup	1317
		_waitpadup	1317
		.jpad	1327
		.wait_pad	1354
		_joypad	135B
		_waitpad	1360
		.set_sprite_tile	136A
		_set_sprite_tile	1377
		__modslong	1382
		__divslong	1382
		__mulslong	1382
		__divschar	1383
		__modschar	138F
		__divsint	139A
		__modsint	13AB
		__divuchar	13BA
		__moduchar	13C6
		__divuint	13D1
		__moduint	13E2
		.mod8	13F1
		.div8	13F1
		.mod16	13F9
		.div16	13F9
		.modu8	142F
		.divu8	142F
		.modu16	1432
		.divu16	1432
		.copy_vram	146F
		_get_data	147E
		_set_data	147E
		_set_bkg_tiles	1491
		font_copy_uncompressed	14A5
		font_copy_compressed	14DB
		font_load	1530
		font_copy_current	1578
		font_set	15C0
		.put_char	15CD
		.out_char	15E6
		.del_char	15ED
		_font_load	1648
		_font_set	1656
		_font_init	1665
		_cls	1687
		.cls	1687
		.cr_curs	16B9
		.adv_curs	16CE
		.tmode	172A
		.tmode_out	1753
		_font_load_ibm_fixed	1763
		_font_ibm_fixed	176A
		_font_ibm_fixed_tiles	186C
		.gmode	206C
		.vbl	20CE
		.lcd	20D9
		.draw_image	20E6
		.switch_data	20F0
		_switch_data	2127
		_draw_image	2142
		.y_table	2155
		.set_xy_wtt	2275
		.set_xy_btt	2286
		.set_xy_tt	2295
		_set_tiles	22C6
		.init_vram	22DF
		.init_wtt	22ED
		.init_btt	22FD
		.init_tt	230B
AREA _LIT
	RADIX HEX
	BASE 2311
	SIZE 0000
	ATTRIB REL CON
AREA _GSINIT
	RADIX HEX
	BASE 2311
	SIZE 0A50
	ATTRIB REL CON
	GLOBALS
		gsinit	2311
AREA _GSINITTAIL
	RADIX HEX
	BASE 2D61
	SIZE 0001
	ATTRIB REL CON
AREA _GSFINAL
	RADIX HEX
	BASE 2D62
	SIZE 0000
	ATTRIB REL CON
AREA _DATA
	RADIX HEX
	BASE C0A0
	SIZE 01BD
	ATTRIB REL CON
	GLOBALS
		_MazeSprites	C0A0
		_MazeMap	C0E0
		_Snail	C248
		_playerlocation	C258
		_debug	C25A
		_haskey	C25B
		_gamerunning	C25C
AREA _BSS
	RADIX HEX
	BASE C25D
	SIZE 0087
	ATTRIB REL CON
	GLOBALS
		__cpu	C25D
		.mode	C25E
		__io_out	C25F
		__io_in	C260
		__io_status	C261
		.vbl_done	C262
		__current_bank	C263
		_sys_time	C264
		.sys_time	C264
		.int_0x40	C266
		.int_0x48	C276
		.int_0x50	C286
		.int_0x58	C296
		.int_0x60	C2A6
		font_current	C2B9
		font_first_free_tile	C2BC
		font_table	C2BD
		.curx	C2CF
		.cury	C2D0
		.fg_colour	C2D1
		.bg_colour	C2D2
AREA _HEAP
	RADIX HEX
	BASE C2E4
	SIZE 0000
	ATTRIB REL CON
	GLOBALS
		_malloc_heap_start	C2E4
AREA _OVERLAY
	RADIX HEX
	BASE C2E4
	SIZE 0000
	ATTRIB REL CON
AREA _ISEG
	RADIX HEX
	BASE C2E4
	SIZE 0000
	ATTRIB REL CON
AREA _BSEG
	RADIX HEX
	BASE C2E4
	SIZE 0000
	ATTRIB REL CON
AREA _XSEG
	RADIX HEX
	BASE C2E4
	SIZE 0000
	ATTRIB REL CON
AREA _SFR
	RADIX HEX
	BASE 0000
	SIZE 10000
	ATTRIB ABS OVR
	GLOBALS
		_P1_REG	FF00
		_SB_REG	FF01
		_SC_REG	FF02
		_DIV_REG	FF04
		_TIMA_REG	FF05
		_TMA_REG	FF06
		_TAC_REG	FF07
		_IF_REG	FF0F
		_NR10_REG	FF10
		_NR11_REG	FF11
		_NR12_REG	FF12
		_NR13_REG	FF13
		_NR14_REG	FF14
		_NR21_REG	FF16
		_NR22_REG	FF17
		_NR23_REG	FF18
		_NR24_REG	FF19
		_NR30_REG	FF1A
		_NR31_REG	FF1B
		_NR32_REG	FF1C
		_NR33_REG	FF1D
		_NR34_REG	FF1E
		_NR41_REG	FF20
		_NR42_REG	FF21
		_NR43_REG	FF22
		_NR44_REG	FF23
		_NR50_REG	FF24
		_NR51_REG	FF25
		_NR52_REG	FF26
		_LCDC_REG	FF40
		_STAT_REG	FF41
		_SCY_REG	FF42
		_SCX_REG	FF43
		_LY_REG	FF44
		_LYC_REG	FF45
		_DMA_REG	FF46
		_BGP_REG	FF47
		_OBP0_REG	FF48
		_OBP1_REG	FF49
		_WY_REG	FF4A
		_WX_REG	FF4B
		_KEY1_REG	FF4D
		_VBK_REG	FF4F
		_HDMA1_REG	FF51
		_HDMA2_REG	FF52
		_HDMA3_REG	FF53
		_HDMA4_REG	FF54
		_HDMA5_REG	FF55
		_RP_REG	FF56
		_BCPS_REG	FF68
		_BCPD_REG	FF69
		_OCPS_REG	FF6A
		_OCPD_REG	FF6B
		_SVBK_REG	FF70
		_IE_REG	FFFF
MODULES
	FILE c:\gbdk\lib/small/asxxxx/gb/crt0.o
		NAME Runtime
	FILE main.o
		NAME lcc169040
LIBRARIES
	LIBRARY c:\gbdk\lib/small/asxxxx/gb/gb.lib
		MODULE sfr.o
	LIBRARY c:\gbdk\lib/small/asxxxx/gb/gb.lib
		MODULE mv_spr.o
	LIBRARY c:\gbdk\lib/small/asxxxx/gbz80/gbz80.lib
		MODULE mul.o
	LIBRARY c:\gbdk\lib/small/asxxxx/gb/gb.lib
		MODULE set_data.o
	LIBRARY c:\gbdk\lib/small/asxxxx/gb/gb.lib
		MODULE scroll_s.o
	LIBRARY c:\gbdk\lib/small/asxxxx/gb/gb.lib
		MODULE pad.o
	LIBRARY c:\gbdk\lib/small/asxxxx/gb/gb.lib
		MODULE set_spr.o
	LIBRARY c:\gbdk\lib/small/asxxxx/gbz80/gbz80.lib
		MODULE printf.o
	LIBRARY c:\gbdk\lib/small/asxxxx/gbz80/gbz80.lib
		MODULE div.o
	LIBRARY c:\gbdk\lib/small/asxxxx/gb/gb.lib
		MODULE cpy_data.o
	LIBRARY c:\gbdk\lib/small/asxxxx/gb/gb.lib
		MODULE set_bk_t.o
	LIBRARY c:\gbdk\lib/small/asxxxx/gb/gb.lib
		MODULE font.o
	LIBRARY c:\gbdk\lib/small/asxxxx/gb/gb.lib
		MODULE ibmfixed.o
	LIBRARY c:\gbdk\lib/small/asxxxx/gb/gb.lib
		MODULE drawing.o
	LIBRARY c:\gbdk\lib/small/asxxxx/gb/gb.lib
		MODULE set_xy_t.o
	LIBRARY c:\gbdk\lib/small/asxxxx/gb/gb.lib
		MODULE init_tt.o
USERBASEDEF
	_CODE=0x0200
	_DATA=0xC0A0
	_CODE_1=0x4000
USERGLOBALDEF
	.OAM=0xC000
	.STACK=0xE000
	.refresh_OAM=0xFF80
	.init=0x0000
